dreiländereck
aus wikipedia, der freien enzyklopädie
wechseln zu: navigation, suche
dreiländereck d/f/ch am rheinhafen von basel
vaalserberg: dreiländereck (d/nl/b)
sevening: europadenkmal (d/b/l)
denkmal für das „schengener abkommen“ in schengen, luxemburg (d/l/f)
zittau: dreiländereck (d/cz/pl)
treriksröset: dreiländereck fin/n/s
berg ofen: grenzstein dreiländereck i/slo/a
monte roraima: dreiländereck brasilien, guyana, venezuela
markstein auf der argentinischen seite des dreiländerecks ra/br/py

ein dreiländereck – auch länderdreieck genannt – ist der geografische punkt, wo drei gleichrangige grenzen und auch drei gleich geartete territorien (länder, staaten, bundesländer) aufeinander treffen. bekannt werden solche dreiländerecke meist, wenn sie schon längere zeit bestehen oder aber, wenn drei kulturen aufeinander treffen.

meist ist diese stelle durch die jeweiligen staatsflaggen oder monumente markiert.

von den zurzeit 195 staaten auf der erde haben 134 einen solchen grenzpunkt. insgesamt existieren 157 dreiländerecke auf der erde. die häufigkeit des vorkommens von dreiländerecken ist abhängig von der anzahl der nachbarn, aber auch von der anzahl der seegrenzen. so haben inselnationen wie japan keines, wie auch staaten wie portugal oder dänemark, die nur ein nachbarland haben bzw. vollständig von einem staat umgeben sind (wie z. b. san marino). auch sind zwei nachbarländer kein hinreichendes kriterium, wie es z. b. bzgl. der usa in nordamerika ist. auch die fläche eines staats hat nur bedingt mit der anzahl an dreiländerecken zu tun: der staat mit den meisten ist china mit 15, während russland, der flächenmässig grösste staat der welt, nur acht hat.

österreich hat an seinen grenzen neun dreiländerecke (und ist damit der staat mit den meisten dreiländerecken innerhalb europas), deutschland sieben, die schweiz sechs und liechtenstein weist zwei dreiländerecke auf.
inhaltsverzeichnis
[verbergen]

    * 1 dreiländerecke weltweit
          o 1.1 europa
          o 1.2 mittel- und südamerika
          o 1.3 nordamerika
          o 1.4 afrika
          o 1.5 asien
    * 2 ehemalige dreiländerecke
          o 2.1 europa
    * 3 siehe auch
    * 4 weblinks

dreiländerecke weltweit [bearbeiten]

alphabetische liste von allen 46 internationalen dreiländerecken in europa:

europa [bearbeiten]

    * albanien – griechenland – mazedonien, am prespa-see
    * albanien – mazedonien – kosovo, südlich von prizren in kosovo
    * albanien – montenegro – kosovo, nördlich von bajram curri in albanien
    * andorra – frankreich – spanien (osteck), in den pyrenäen
    * andorra – frankreich – spanien (westeck), in den pyrenäen
    * belgien – deutschland – luxemburg, am europadenkmal an der our bei sevenig
    * belgien – deutschland – niederlande, auf dem vaalserberg westlich von aachen (war zeitweilig auch wegen neutral-moresnet ein vierländereck)
    * belgien – frankreich – luxemburg, bei longwy, pétange, aubange
    * bosnien-herzegowina – kroatien – montenegro, nordöstlich von gruda in kroatien
    * bosnien-herzegowina – kroatien – serbien, westlich von omjelovo in bosnien-herzegowina
    * bosnien-herzegowina – montenegro – serbien, westlich von priboj in serbien
    * bulgarien – griechenland – mazedonien, westlich von petritsch in bulgarien
    * bulgarien – griechenland – türkei, bei der griechischen gemeinde trigono, westlich des türkischen edirne
    * bulgarien – mazedonien – serbien, westlich von kjustendil in bulgarien
    * bulgarien – rumänien – serbien, östlich von negotin in serbien
    * deutschland – frankreich – luxemburg, bei perl, apach, schengen in der mosel
    * deutschland – frankreich – schweiz, bei basel, hüningen und weil am rhein im rhein
    * deutschland – polen – tschechien, südöstlich von zittau
    * deutschland – schweiz – österreich, im bodensee
    * deutschland – tschechien – österreich, am plöckenstein (1320 m), böhmerwald
    * estland – lettland – russland, westlich von stuborova in lettland
    * finnland – norwegen – russland, nordöstlich von ivalo in finnland
    * finnland – norwegen – schweden, schwedisch treriksröset, norwegisch treriksrøysa, finnisch kolmen valtakunnan rajapyykki, westlich von kilpisjärvi in finnland
    * frankreich – italien – schweiz, auf der bergspitze des mont dolent (3820 m) nahe dem mont blanc
    * italien – schweiz – österreich, nähe reschenpass an der „dreiländerecke“ (2.179 m)
    * italien – slowenien – österreich, bei arnoldstein auf dem gipfel des ofen (slow. peč) alias dreiländereck
    * kroatien – serbien – ungarn, nordöstlich von gruda in kroatien
    * kroatien – slowenien – ungarn, südöstlich von letenye in ungarn
    * lettland – litauen – weissrussland, nordöstlich von visaginas in litauen
    * lettland – russland – weissrussland, südöstlich von suskova in lettland
    * liechtenstein – schweiz – österreich (nordeck), im rhein bei sennwald
    * liechtenstein – schweiz – österreich (südeck), im rätikon am naafkopf (2571 m)
    * litauen – polen – russland (kaliningrad), westlich von wizajny in polen
    * litauen – polen – weissrussland, westlich von druskininkai in litauen
    * moldawien – rumänien – ukraine (nordeck), nordöstlich von dărăbani in rumänien
    * moldawien – rumänien – ukraine (südeck), östlich von galaţi in rumänien
    * polen – slowakei – tschechien, bei hrčava in tschechien und jaworzynka in polen
    * polen – slowakei – ukraine, nordöstlich von nova sedlica in slowakei
    * polen – ukraine – weissrussland, südöstlich von wlodawa in polen
    * rumänien – serbien – ungarn, südlich von kübekhaza in ungarn
    * rumänien – ukraine – ungarn, nordöstlich von bercu in rumänien
    * russland – ukraine – weissrussland, südöstlich von homel in weissrussland
    * slowakei – ukraine – ungarn, bei zahony in ungarn
    * slowakei – ungarn – österreich, bei deutsch jahrndorf in österreich, rajka in ungarn
    * slowakei – tschechien – österreich, bei hohenau an der march in österreich
    * slowenien – österreich – ungarn, östlich von tauka in österreich

die nachfolgende auflistung zeigt eine kleine auswahl existierender dreiländerecke in anderen kontinenten:

mittel- und südamerika [bearbeiten]

in mittelamerika existieren zwei dreiländerecke und in südamerika 13:

    * argentinien – bolivien – chile
    * argentinien – bolivien – paraguay
    * argentinien – brasilien – paraguay: hito tres fronteras, bekannt durch die iguaçu-wasserfälle
    * argentinien – brasilien – uruguay
    * mittelamerika: belize – guatemala – mexiko
    * bolivien – brasilien – paraguay
    * bolivien – brasilien – peru
    * bolivien – chile – peru
    * brasilien – kolumbien – peru: tres fronteras, im amazonas-regenwald mit einer dreistadt tabatinga, leticia, santa rosa mit mehr als 100.000 einwohnern
    * brasilien – kolumbien – venezuela
    * brasilien – französisch-guayana – surinam
    * brasilien – guyana – surinam
    * brasilien – guyana – venezuela: auf dem berg monte roraima
    * kolumbien – ecuador – peru
    * mittelamerika: guatemala – honduras – el salvador

nordamerika [bearbeiten]

da mit kanada und den vereinigten staaten nur zwei staaten in nordamerika neben einigen französischen inseln an der kanadischen ostküste existieren, kann es dort keine dreiländerecke geben.

die bundesstaaten der vereinigten staaten bilden 38 tri-state areas (dreistaatengebiete).

afrika [bearbeiten]

in afrika existieren 55 dreiländerecke:

    * südafrika – botswana – namibia
    * südafrika – botswana – simbabwe
    * südafrika – mosambik – simbabwe (siehe crook’s corner)
    * südafrika – mosambik – swasiland (nord)
    * südafrika – mosambik – swasiland (süd)
    * algerien – libyen – niger
    * algerien – libyen – tunesien
    * algerien – mali – mauretanien
    * algerien – mali – niger
    * algerien – marokko – west-sahara
    * algerien – mauretanien – west-sahara
    * angola – namibia – sambia
    * angola – republik kongo – demokratische republik kongo: cabinda
    * angola – demokratische republik kongo – sambia
    * benin – burkina faso – niger
    * benin – burkina faso – togo
    * benin – niger – nigeria
    * botswana – sambia – simbabwe
    * burkina faso – elfenbeinküste – ghana
    * burkina faso – elfenbeinküste – mali
    * burkina faso – ghana – togo
    * burkina faso – mali – niger
    * burundi – demokratische republik kongo – ruanda
    * burundi – ruanda – tansania
    * kamerun – gabun – äquatorial-guinea
    * kamerun – gabun – republik kongo
    * kamerun – nigeria – tschad
    * kamerun – zentralafrikanische republik – republik kongo
    * kamerun – zentralafrikanische republik – tschad
    * elfenbeinküste – guinea – liberia
    * elfenbeinküste – guinea – mali
    * dschibuti – eritrea – äthiopien
    * dschibuti – äthiopien – somalia
    * ägypten – libyen – sudan
    * eritrea – äthiopien – sudan
    * äthiopien – kenia – somalia
    * äthiopien – kenia – sudan
    * guinea – guinea-bissau – senegal
    * guinea – liberia – sierra leone
    * kenia – uganda – sudan
    * kenia – uganda – tansania
    * libyen – niger – tschad
    * libyen – sudan – tschad
    * malawi – mosambik – tansania
    * malawi – mosambik – sambia
    * mosambik – tansania – sambia
    * mosambik – sambia – simbabwe: bei zumbo
    * mali – mauretanien – senegal
    * niger – nigeria – tschad
    * uganda – demokratische republik kongo – ruanda
    * uganda – demokratische republik kongo – sudan
    * uganda – ruanda – tansania
    * zentralafrikanische republik – republik kongo – demokratische republik kongo
    * zentralafrikanische republik – demokratische republik kongo – sudan
    * demokratische republik kongo – tansania – sambia

asien [bearbeiten]

in asien existieren 42 dreiländerecke:

    * afghanistan – iran – pakistan
    * afghanistan – iran – turkmenistan
    * afghanistan – vr china – pakistan
    * afghanistan – vr china – tadschikistan
    * afghanistan – usbekistan – tadschikistan
    * afghanistan – usbekistan – turkmenistan
    * saudi-arabien – vereinigte arabische emirate – oman: umm az zamul
    * saudi-arabien – irak – jordanien
    * saudi-arabien – irak – kuwait
    * saudi-arabien – oman – jemen
    * armenien – aserbaidschan – georgien

mekong und goldenes dreieck

    * armenien – aserbaidschan – iran
    * armenien – aserbaidschan – iran
    * armenien – aserbaidschan – türkei
    * gaza-streifen – ägypten – israel
    * bangladesch – burma – indien
    * bhutan – vr china – indien (osten)
    * bhutan – vr china – indien (westen)
    * burma – vr china – indien
    * burma – vr china – laos
    * burma – laos – thailand: goldenes dreieck
    * kambodscha – laos – thailand
    * kambodscha – laos – vietnam
    * vr china – indien – nepal (osten)
    * vr china – indien – nepal (westen)
    * vr china – indien – pakistan
    * vr china – kasachstan – kirgisien
    * vr china – kasachstan – russland
    * vr china – laos – vietnam
    * vr china – mongolei – russland (osten)
    * vr china – mongolei – russland (westen)
    * vr china – nord-korea – russland in der region primorje
    * palästina – israel – jordanien (nord)
    * palästina – israel – jordanien (süden)
    * irak – iran – türkei
    * irak – jordanien – syrien
    * irak – syrien – türkei
    * israel – jordanien – syrien
    * israel – libanon – syrien: mount hermon
    * kasachstan – kirgisien – usbekistan
    * kasachstan – usbekistan – turkmenistan
    * kirgisien – usbekistan – tadschikistan

die dreiländerecke vr china – kasachstan – russland sowie vr china – mongolei – russland liegen im altai nur 50 kilometer voneinander entfernt.

ehemalige dreiländerecke [bearbeiten]

infolge von grenzverschiebungen kommt es vor, dass dreiländerecke zu normalen staatsgrenzen werden, aber dennoch ein markanter punkt bleiben:

europa [bearbeiten]

    * italien – schweiz – österreich; bis zur abtretung südtirols von österreich an italien, nähe stilfserjoch auf der dreisprachenspitze. es ist heute ein „dreispracheneck“ geblieben mit italienisch (lombardei), deutsch (südtirol) und rätoromanisch (schweiz).
    * br deutschland – ddr – tschechoslowakei; bis zur wiedervereinigung an der stelle, wo bayern, sachsen und böhmen (tschechien) aufeinander treffen, es handelt sich um einen punkt in der nähe der orte regnitzlosau, landkreis hof, bayern; eichigt, vogtlandkreis, sachsen; und hranice u aše, okres cheb, heute tschechische republik.

siehe auch [bearbeiten]
commons commons: dreiländereck – bilder, videos und audiodateien

    * dreikaisereck
    * vierländereck
    * dreiherrenstein
    * tanzen im dreiländereck
    * dreigräben

weblinks [bearbeiten]

    * liste aller dreiländer als kml-datei mit koordinaten

von „http://de.wikipedia.org/wiki/dreil%c3%a4ndereck“
kategorien: politische geographie | grenze
